../Core/Src/main.c:114:5:main	40	static
../Core/Src/main.c:279:6:SystemClock_Config	88	static
../Core/Src/main.c:325:13:MX_ETH_Init	8	static
../Core/Src/main.c:374:13:MX_I2C1_Init	8	static
../Core/Src/main.c:422:13:MX_TIM1_Init	96	static
../Core/Src/main.c:496:13:MX_TIM3_Init	32	static
../Core/Src/main.c:541:13:MX_USART3_UART_Init	8	static
../Core/Src/main.c:574:13:MX_USART6_UART_Init	8	static
../Core/Src/main.c:607:13:MX_USB_OTG_FS_PCD_Init	8	static
../Core/Src/main.c:645:6:HAL_UART_RxCpltCallback	16	static
../Core/Src/main.c:658:6:Error_Handler	4	static,ignoring_inline_asm
